Archive member included to satisfy reference by file (symbol)

c:/program files (x86)/atmel/studio/7.0/toolchain/avr8/avr8-gnu-toolchain/bin/../lib/gcc/avr/5.4.0/avrxmega4\libgcc.a(_exit.o)
                              C:/Program Files (x86)/Atmel/Studio/7.0/Packs/atmel/XMEGAA_DFP/1.1.68/gcc/dev/atxmega64a4u/avrxmega4/crtatxmega64a4u.o (exit)
c:/program files (x86)/atmel/studio/7.0/toolchain/avr8/avr8-gnu-toolchain/bin/../lib/gcc/avr/5.4.0/avrxmega4\libgcc.a(_copy_data.o)
                              SPI.o (__do_copy_data)
c:/program files (x86)/atmel/studio/7.0/toolchain/avr8/avr8-gnu-toolchain/bin/../lib/gcc/avr/5.4.0/avrxmega4\libgcc.a(_clear_bss.o)
                              Display.o (__do_clear_bss)

Discarded input sections

 .data          0x00000000        0x0 C:/Program Files (x86)/Atmel/Studio/7.0/Packs/atmel/XMEGAA_DFP/1.1.68/gcc/dev/atxmega64a4u/avrxmega4/crtatxmega64a4u.o
 .bss           0x00000000        0x0 C:/Program Files (x86)/Atmel/Studio/7.0/Packs/atmel/XMEGAA_DFP/1.1.68/gcc/dev/atxmega64a4u/avrxmega4/crtatxmega64a4u.o
 .text          0x00000000        0x0 Display.o
 .data          0x00000000        0x0 Display.o
 .bss           0x00000000        0x0 Display.o
 .text.Display_setChannelBrightness
                0x00000000       0x24 Display.o
 .text.Display_getChannelBrightness
                0x00000000       0x24 Display.o
 .bss.DisplayData
                0x00000000       0xc0 Display.o
 .debug_info    0x00000000      0x12b Display.o
 .debug_abbrev  0x00000000       0xae Display.o
 .debug_loc     0x00000000       0x4c Display.o
 .debug_aranges
                0x00000000       0x28 Display.o
 .debug_ranges  0x00000000       0x18 Display.o
 .debug_line    0x00000000       0xc0 Display.o
 .debug_str     0x00000000      0x1d8 Display.o
 .comment       0x00000000       0x31 Display.o
 .debug_frame   0x00000000       0x34 Display.o
 .text          0x00000000        0x0 main.o
 .data          0x00000000        0x0 main.o
 .bss           0x00000000        0x0 main.o
 .text          0x00000000        0x0 SPI.o
 .data          0x00000000        0x0 SPI.o
 .bss           0x00000000        0x0 SPI.o
 .data.DisplayData
                0x00000000       0xc0 SPI.o
 .data.BrightnessLookUpTablelol
                0x00000000      0x200 SPI.o
 .text          0x00000000        0x0 Timer.o
 .data          0x00000000        0x0 Timer.o
 .bss           0x00000000        0x0 Timer.o
 .bss.ranForFirstTime
                0x00000000        0x1 Timer.o
 .text          0x00000000        0x0 c:/program files (x86)/atmel/studio/7.0/toolchain/avr8/avr8-gnu-toolchain/bin/../lib/gcc/avr/5.4.0/avrxmega4\libgcc.a(_exit.o)
 .data          0x00000000        0x0 c:/program files (x86)/atmel/studio/7.0/toolchain/avr8/avr8-gnu-toolchain/bin/../lib/gcc/avr/5.4.0/avrxmega4\libgcc.a(_exit.o)
 .bss           0x00000000        0x0 c:/program files (x86)/atmel/studio/7.0/toolchain/avr8/avr8-gnu-toolchain/bin/../lib/gcc/avr/5.4.0/avrxmega4\libgcc.a(_exit.o)
 .text.libgcc.mul
                0x00000000        0x0 c:/program files (x86)/atmel/studio/7.0/toolchain/avr8/avr8-gnu-toolchain/bin/../lib/gcc/avr/5.4.0/avrxmega4\libgcc.a(_exit.o)
 .text.libgcc.div
                0x00000000        0x0 c:/program files (x86)/atmel/studio/7.0/toolchain/avr8/avr8-gnu-toolchain/bin/../lib/gcc/avr/5.4.0/avrxmega4\libgcc.a(_exit.o)
 .text.libgcc   0x00000000        0x0 c:/program files (x86)/atmel/studio/7.0/toolchain/avr8/avr8-gnu-toolchain/bin/../lib/gcc/avr/5.4.0/avrxmega4\libgcc.a(_exit.o)
 .text.libgcc.prologue
                0x00000000        0x0 c:/program files (x86)/atmel/studio/7.0/toolchain/avr8/avr8-gnu-toolchain/bin/../lib/gcc/avr/5.4.0/avrxmega4\libgcc.a(_exit.o)
 .text.libgcc.builtins
                0x00000000        0x0 c:/program files (x86)/atmel/studio/7.0/toolchain/avr8/avr8-gnu-toolchain/bin/../lib/gcc/avr/5.4.0/avrxmega4\libgcc.a(_exit.o)
 .text.libgcc.fmul
                0x00000000        0x0 c:/program files (x86)/atmel/studio/7.0/toolchain/avr8/avr8-gnu-toolchain/bin/../lib/gcc/avr/5.4.0/avrxmega4\libgcc.a(_exit.o)
 .text.libgcc.fixed
                0x00000000        0x0 c:/program files (x86)/atmel/studio/7.0/toolchain/avr8/avr8-gnu-toolchain/bin/../lib/gcc/avr/5.4.0/avrxmega4\libgcc.a(_exit.o)
 .text          0x00000000        0x0 c:/program files (x86)/atmel/studio/7.0/toolchain/avr8/avr8-gnu-toolchain/bin/../lib/gcc/avr/5.4.0/avrxmega4\libgcc.a(_copy_data.o)
 .data          0x00000000        0x0 c:/program files (x86)/atmel/studio/7.0/toolchain/avr8/avr8-gnu-toolchain/bin/../lib/gcc/avr/5.4.0/avrxmega4\libgcc.a(_copy_data.o)
 .bss           0x00000000        0x0 c:/program files (x86)/atmel/studio/7.0/toolchain/avr8/avr8-gnu-toolchain/bin/../lib/gcc/avr/5.4.0/avrxmega4\libgcc.a(_copy_data.o)
 .text.libgcc.mul
                0x00000000        0x0 c:/program files (x86)/atmel/studio/7.0/toolchain/avr8/avr8-gnu-toolchain/bin/../lib/gcc/avr/5.4.0/avrxmega4\libgcc.a(_copy_data.o)
 .text.libgcc.div
                0x00000000        0x0 c:/program files (x86)/atmel/studio/7.0/toolchain/avr8/avr8-gnu-toolchain/bin/../lib/gcc/avr/5.4.0/avrxmega4\libgcc.a(_copy_data.o)
 .text.libgcc   0x00000000        0x0 c:/program files (x86)/atmel/studio/7.0/toolchain/avr8/avr8-gnu-toolchain/bin/../lib/gcc/avr/5.4.0/avrxmega4\libgcc.a(_copy_data.o)
 .text.libgcc.prologue
                0x00000000        0x0 c:/program files (x86)/atmel/studio/7.0/toolchain/avr8/avr8-gnu-toolchain/bin/../lib/gcc/avr/5.4.0/avrxmega4\libgcc.a(_copy_data.o)
 .text.libgcc.builtins
                0x00000000        0x0 c:/program files (x86)/atmel/studio/7.0/toolchain/avr8/avr8-gnu-toolchain/bin/../lib/gcc/avr/5.4.0/avrxmega4\libgcc.a(_copy_data.o)
 .text.libgcc.fmul
                0x00000000        0x0 c:/program files (x86)/atmel/studio/7.0/toolchain/avr8/avr8-gnu-toolchain/bin/../lib/gcc/avr/5.4.0/avrxmega4\libgcc.a(_copy_data.o)
 .text.libgcc.fixed
                0x00000000        0x0 c:/program files (x86)/atmel/studio/7.0/toolchain/avr8/avr8-gnu-toolchain/bin/../lib/gcc/avr/5.4.0/avrxmega4\libgcc.a(_copy_data.o)
 .text          0x00000000        0x0 c:/program files (x86)/atmel/studio/7.0/toolchain/avr8/avr8-gnu-toolchain/bin/../lib/gcc/avr/5.4.0/avrxmega4\libgcc.a(_clear_bss.o)
 .data          0x00000000        0x0 c:/program files (x86)/atmel/studio/7.0/toolchain/avr8/avr8-gnu-toolchain/bin/../lib/gcc/avr/5.4.0/avrxmega4\libgcc.a(_clear_bss.o)
 .bss           0x00000000        0x0 c:/program files (x86)/atmel/studio/7.0/toolchain/avr8/avr8-gnu-toolchain/bin/../lib/gcc/avr/5.4.0/avrxmega4\libgcc.a(_clear_bss.o)
 .text.libgcc.mul
                0x00000000        0x0 c:/program files (x86)/atmel/studio/7.0/toolchain/avr8/avr8-gnu-toolchain/bin/../lib/gcc/avr/5.4.0/avrxmega4\libgcc.a(_clear_bss.o)
 .text.libgcc.div
                0x00000000        0x0 c:/program files (x86)/atmel/studio/7.0/toolchain/avr8/avr8-gnu-toolchain/bin/../lib/gcc/avr/5.4.0/avrxmega4\libgcc.a(_clear_bss.o)
 .text.libgcc   0x00000000        0x0 c:/program files (x86)/atmel/studio/7.0/toolchain/avr8/avr8-gnu-toolchain/bin/../lib/gcc/avr/5.4.0/avrxmega4\libgcc.a(_clear_bss.o)
 .text.libgcc.prologue
                0x00000000        0x0 c:/program files (x86)/atmel/studio/7.0/toolchain/avr8/avr8-gnu-toolchain/bin/../lib/gcc/avr/5.4.0/avrxmega4\libgcc.a(_clear_bss.o)
 .text.libgcc.builtins
                0x00000000        0x0 c:/program files (x86)/atmel/studio/7.0/toolchain/avr8/avr8-gnu-toolchain/bin/../lib/gcc/avr/5.4.0/avrxmega4\libgcc.a(_clear_bss.o)
 .text.libgcc.fmul
                0x00000000        0x0 c:/program files (x86)/atmel/studio/7.0/toolchain/avr8/avr8-gnu-toolchain/bin/../lib/gcc/avr/5.4.0/avrxmega4\libgcc.a(_clear_bss.o)
 .text.libgcc.fixed
                0x00000000        0x0 c:/program files (x86)/atmel/studio/7.0/toolchain/avr8/avr8-gnu-toolchain/bin/../lib/gcc/avr/5.4.0/avrxmega4\libgcc.a(_clear_bss.o)

Memory Configuration

Name             Origin             Length             Attributes
text             0x00000000         0x00100000         xr
data             0x00802000         0x0000ffa0         rw !x
eeprom           0x00810000         0x00010000         rw !x
fuse             0x00820000         0x00000006         rw !x
lock             0x00830000         0x00000400         rw !x
signature        0x00840000         0x00000400         rw !x
user_signatures  0x00850000         0x00000400         rw !x
*default*        0x00000000         0xffffffff

Linker script and memory map

LOAD C:/Program Files (x86)/Atmel/Studio/7.0/Packs/atmel/XMEGAA_DFP/1.1.68/gcc/dev/atxmega64a4u/avrxmega4/crtatxmega64a4u.o
LOAD Display.o
LOAD main.o
LOAD SPI.o
LOAD Timer.o
START GROUP
LOAD c:/program files (x86)/atmel/studio/7.0/toolchain/avr8/avr8-gnu-toolchain/bin/../lib/gcc/avr/5.4.0/../../../../avr/lib/avrxmega4\libm.a
END GROUP
START GROUP
LOAD c:/program files (x86)/atmel/studio/7.0/toolchain/avr8/avr8-gnu-toolchain/bin/../lib/gcc/avr/5.4.0/avrxmega4\libgcc.a
LOAD c:/program files (x86)/atmel/studio/7.0/toolchain/avr8/avr8-gnu-toolchain/bin/../lib/gcc/avr/5.4.0/../../../../avr/lib/avrxmega4\libm.a
LOAD c:/program files (x86)/atmel/studio/7.0/toolchain/avr8/avr8-gnu-toolchain/bin/../lib/gcc/avr/5.4.0/../../../../avr/lib/avrxmega4\libc.a
LOAD C:/Program Files (x86)/Atmel/Studio/7.0/Packs/atmel/XMEGAA_DFP/1.1.68/gcc/dev/atxmega64a4u/avrxmega4\libatxmega64a4u.a
END GROUP
                0x00100000                __TEXT_REGION_LENGTH__ = DEFINED (__TEXT_REGION_LENGTH__)?__TEXT_REGION_LENGTH__:0x100000
                0x0000ffa0                __DATA_REGION_LENGTH__ = DEFINED (__DATA_REGION_LENGTH__)?__DATA_REGION_LENGTH__:0xffa0
                0x00010000                __EEPROM_REGION_LENGTH__ = DEFINED (__EEPROM_REGION_LENGTH__)?__EEPROM_REGION_LENGTH__:0x10000
                [0x00000006]                __FUSE_REGION_LENGTH__ = DEFINED (__FUSE_REGION_LENGTH__)?__FUSE_REGION_LENGTH__:0x400
                0x00000400                __LOCK_REGION_LENGTH__ = DEFINED (__LOCK_REGION_LENGTH__)?__LOCK_REGION_LENGTH__:0x400
                0x00000400                __SIGNATURE_REGION_LENGTH__ = DEFINED (__SIGNATURE_REGION_LENGTH__)?__SIGNATURE_REGION_LENGTH__:0x400
                0x00000400                __USER_SIGNATURE_REGION_LENGTH__ = DEFINED (__USER_SIGNATURE_REGION_LENGTH__)?__USER_SIGNATURE_REGION_LENGTH__:0x400

.hash
 *(.hash)

.dynsym
 *(.dynsym)

.dynstr
 *(.dynstr)

.gnu.version
 *(.gnu.version)

.gnu.version_d
 *(.gnu.version_d)

.gnu.version_r
 *(.gnu.version_r)

.rel.init
 *(.rel.init)

.rela.init
 *(.rela.init)

.rel.text
 *(.rel.text)
 *(.rel.text.*)
 *(.rel.gnu.linkonce.t*)

.rela.text
 *(.rela.text)
 *(.rela.text.*)
 *(.rela.gnu.linkonce.t*)

.rel.fini
 *(.rel.fini)

.rela.fini
 *(.rela.fini)

.rel.rodata
 *(.rel.rodata)
 *(.rel.rodata.*)
 *(.rel.gnu.linkonce.r*)

.rela.rodata
 *(.rela.rodata)
 *(.rela.rodata.*)
 *(.rela.gnu.linkonce.r*)

.rel.data
 *(.rel.data)
 *(.rel.data.*)
 *(.rel.gnu.linkonce.d*)

.rela.data
 *(.rela.data)
 *(.rela.data.*)
 *(.rela.gnu.linkonce.d*)

.rel.ctors
 *(.rel.ctors)

.rela.ctors
 *(.rela.ctors)

.rel.dtors
 *(.rel.dtors)

.rela.dtors
 *(.rela.dtors)

.rel.got
 *(.rel.got)

.rela.got
 *(.rela.got)

.rel.bss
 *(.rel.bss)

.rela.bss
 *(.rela.bss)

.rel.plt
 *(.rel.plt)

.rela.plt
 *(.rela.plt)

.text           0x00000000      0x4a6
 *(.vectors)
 .vectors       0x00000000      0x1fc C:/Program Files (x86)/Atmel/Studio/7.0/Packs/atmel/XMEGAA_DFP/1.1.68/gcc/dev/atxmega64a4u/avrxmega4/crtatxmega64a4u.o
                0x00000000                __vector_default
                0x00000000                __vectors
 *(.vectors)
 *(.progmem.gcc*)
                0x000001fc                . = ALIGN (0x2)
                0x000001fc                __trampolines_start = .
 *(.trampolines)
 .trampolines   0x000001fc        0x0 linker stubs
 *(.trampolines*)
                0x000001fc                __trampolines_end = .
 *libprintf_flt.a:*(.progmem.data)
 *libc.a:*(.progmem.data)
 *(.progmem*)
                0x000001fc                . = ALIGN (0x2)
 *(.jumptables)
 *(.jumptables*)
 *(.lowtext)
 *(.lowtext*)
                0x000001fc                __ctors_start = .
 *(.ctors)
                0x000001fc                __ctors_end = .
                0x000001fc                __dtors_start = .
 *(.dtors)
                0x000001fc                __dtors_end = .
 SORT(*)(.ctors)
 SORT(*)(.dtors)
 *(.init0)
 .init0         0x000001fc        0x0 C:/Program Files (x86)/Atmel/Studio/7.0/Packs/atmel/XMEGAA_DFP/1.1.68/gcc/dev/atxmega64a4u/avrxmega4/crtatxmega64a4u.o
                0x000001fc                __init
 *(.init0)
 *(.init1)
 *(.init1)
 *(.init2)
 .init2         0x000001fc        0xc C:/Program Files (x86)/Atmel/Studio/7.0/Packs/atmel/XMEGAA_DFP/1.1.68/gcc/dev/atxmega64a4u/avrxmega4/crtatxmega64a4u.o
 *(.init2)
 *(.init3)
 *(.init3)
 *(.init4)
 .init4         0x00000208       0x1a c:/program files (x86)/atmel/studio/7.0/toolchain/avr8/avr8-gnu-toolchain/bin/../lib/gcc/avr/5.4.0/avrxmega4\libgcc.a(_copy_data.o)
                0x00000208                __do_copy_data
 .init4         0x00000222       0x10 c:/program files (x86)/atmel/studio/7.0/toolchain/avr8/avr8-gnu-toolchain/bin/../lib/gcc/avr/5.4.0/avrxmega4\libgcc.a(_clear_bss.o)
                0x00000222                __do_clear_bss
 *(.init4)
 *(.init5)
 *(.init5)
 *(.init6)
 *(.init6)
 *(.init7)
 *(.init7)
 *(.init8)
 *(.init8)
 *(.init9)
 .init9         0x00000232        0x8 C:/Program Files (x86)/Atmel/Studio/7.0/Packs/atmel/XMEGAA_DFP/1.1.68/gcc/dev/atxmega64a4u/avrxmega4/crtatxmega64a4u.o
 *(.init9)
 *(.text)
 .text          0x0000023a        0x4 C:/Program Files (x86)/Atmel/Studio/7.0/Packs/atmel/XMEGAA_DFP/1.1.68/gcc/dev/atxmega64a4u/avrxmega4/crtatxmega64a4u.o
                0x0000023a                __vector_38
                0x0000023a                __vector_104
                0x0000023a                __vector_22
                0x0000023a                __vector_63
                0x0000023a                __vector_28
                0x0000023a                __vector_67
                0x0000023a                __vector_1
                0x0000023a                __vector_119
                0x0000023a                __vector_32
                0x0000023a                __vector_75
                0x0000023a                __vector_71
                0x0000023a                __vector_91
                0x0000023a                __vector_34
                0x0000023a                __vector_62
                0x0000023a                __vector_77
                0x0000023a                __vector_102
                0x0000023a                __vector_12
                0x0000023a                __vector_55
                0x0000023a                __vector_69
                0x0000023a                __vector_81
                0x0000023a                __vector_90
                0x0000023a                __vector_46
                0x0000023a                __bad_interrupt
                0x0000023a                __vector_122
                0x0000023a                __vector_72
                0x0000023a                __vector_114
                0x0000023a                __vector_6
                0x0000023a                __vector_110
                0x0000023a                __vector_31
                0x0000023a                __vector_92
                0x0000023a                __vector_35
                0x0000023a                __vector_78
                0x0000023a                __vector_74
                0x0000023a                __vector_117
                0x0000023a                __vector_39
                0x0000023a                __vector_107
                0x0000023a                __vector_3
                0x0000023a                __vector_105
                0x0000023a                __vector_98
                0x0000023a                __vector_23
                0x0000023a                __vector_68
                0x0000023a                __vector_30
                0x0000023a                __vector_73
                0x0000023a                __vector_45
                0x0000023a                __vector_25
                0x0000023a                __vector_93
                0x0000023a                __vector_61
                0x0000023a                __vector_11
                0x0000023a                __vector_54
                0x0000023a                __vector_99
                0x0000023a                __vector_13
                0x0000023a                __vector_17
                0x0000023a                __vector_19
                0x0000023a                __vector_56
                0x0000023a                __vector_7
                0x0000023a                __vector_125
                0x0000023a                __vector_49
                0x0000023a                __vector_123
                0x0000023a                __vector_41
                0x0000023a                __vector_86
                0x0000023a                __vector_100
                0x0000023a                __vector_101
                0x0000023a                __vector_64
                0x0000023a                __vector_88
                0x0000023a                __vector_109
                0x0000023a                __vector_43
                0x0000023a                __vector_27
                0x0000023a                __vector_5
                0x0000023a                __vector_113
                0x0000023a                __vector_33
                0x0000023a                __vector_76
                0x0000023a                __vector_115
                0x0000023a                __vector_47
                0x0000023a                __vector_52
                0x0000023a                __vector_37
                0x0000023a                __vector_95
                0x0000023a                __vector_103
                0x0000023a                __vector_96
                0x0000023a                __vector_89
                0x0000023a                __vector_108
                0x0000023a                __vector_4
                0x0000023a                __vector_44
                0x0000023a                __vector_82
                0x0000023a                __vector_106
                0x0000023a                __vector_118
                0x0000023a                __vector_51
                0x0000023a                __vector_9
                0x0000023a                __vector_2
                0x0000023a                __vector_21
                0x0000023a                __vector_15
                0x0000023a                __vector_66
                0x0000023a                __vector_36
                0x0000023a                __vector_79
                0x0000023a                __vector_58
                0x0000023a                __vector_70
                0x0000023a                __vector_83
                0x0000023a                __vector_29
                0x0000023a                __vector_60
                0x0000023a                __vector_121
                0x0000023a                __vector_40
                0x0000023a                __vector_85
                0x0000023a                __vector_94
                0x0000023a                __vector_126
                0x0000023a                __vector_8
                0x0000023a                __vector_26
                0x0000023a                __vector_48
                0x0000023a                __vector_124
                0x0000023a                __vector_116
                0x0000023a                __vector_112
                0x0000023a                __vector_111
                0x0000023a                __vector_80
                0x0000023a                __vector_84
                0x0000023a                __vector_57
                0x0000023a                __vector_53
                0x0000023a                __vector_10
                0x0000023a                __vector_50
                0x0000023a                __vector_16
                0x0000023a                __vector_59
                0x0000023a                __vector_18
                0x0000023a                __vector_97
                0x0000023a                __vector_20
                0x0000023a                __vector_42
                0x0000023a                __vector_87
                0x0000023a                __vector_65
                0x0000023a                __vector_120
                0x0000023e                . = ALIGN (0x2)
 *(.text.*)
 .text.clock_init
                0x0000023e       0x1c main.o
                0x0000023e                clock_init
 .text.main     0x0000025a       0x28 main.o
                0x0000025a                main
 .text.SPI_init
                0x00000282       0x4c SPI.o
                0x00000282                SPI_init
 .text.SPI_update
                0x000002ce        0xc SPI.o
                0x000002ce                SPI_update
 .text.SPI_blankAndLatch
                0x000002da       0x12 SPI.o
                0x000002da                SPI_blankAndLatch
 .text.__vector_24
                0x000002ec      0x152 SPI.o
                0x000002ec                __vector_24
 .text.Timer0_init
                0x0000043e       0x14 Timer.o
                0x0000043e                Timer0_init
 .text.__vector_14
                0x00000452       0x50 Timer.o
                0x00000452                __vector_14
                0x000004a2                . = ALIGN (0x2)
 *(.fini9)
 .fini9         0x000004a2        0x0 c:/program files (x86)/atmel/studio/7.0/toolchain/avr8/avr8-gnu-toolchain/bin/../lib/gcc/avr/5.4.0/avrxmega4\libgcc.a(_exit.o)
                0x000004a2                _exit
                0x000004a2                exit
 *(.fini9)
 *(.fini8)
 *(.fini8)
 *(.fini7)
 *(.fini7)
 *(.fini6)
 *(.fini6)
 *(.fini5)
 *(.fini5)
 *(.fini4)
 *(.fini4)
 *(.fini3)
 *(.fini3)
 *(.fini2)
 *(.fini2)
 *(.fini1)
 *(.fini1)
 *(.fini0)
 .fini0         0x000004a2        0x4 c:/program files (x86)/atmel/studio/7.0/toolchain/avr8/avr8-gnu-toolchain/bin/../lib/gcc/avr/5.4.0/avrxmega4\libgcc.a(_exit.o)
 *(.fini0)
                0x000004a6                _etext = .

.data           0x00802000        0x0 load address 0x000004a6
                0x00802000                PROVIDE (__data_start, .)
 *(.data)
 *(.data*)
 *(.rodata)
 *(.rodata*)
 *(.gnu.linkonce.d*)
                0x00802000                . = ALIGN (0x2)
                0x00802000                _edata = .
                0x00802000                PROVIDE (__data_end, .)

.bss            0x00802000        0x7
                0x00802000                PROVIDE (__bss_start, .)
 *(.bss)
 *(.bss*)
 .bss._12bytesSent.4606
                0x00802000        0x1 SPI.o
 .bss.second12Bits.4610
                0x00802001        0x2 SPI.o
 .bss.first12Bits.4609
                0x00802003        0x2 SPI.o
 .bss.row.4608  0x00802005        0x1 SPI.o
 .bss._8bytesSent.4607
                0x00802006        0x1 SPI.o
 *(COMMON)
                0x00802007                PROVIDE (__bss_end, .)
                0x000004a6                __data_load_start = LOADADDR (.data)
                0x000004a6                __data_load_end = (__data_load_start + SIZEOF (.data))

.noinit         0x00802007        0x0
                [!provide]                PROVIDE (__noinit_start, .)
 *(.noinit*)
                [!provide]                PROVIDE (__noinit_end, .)
                0x00802007                _end = .
                [!provide]                PROVIDE (__heap_start, .)

.eeprom         0x00810000        0x0
 *(.eeprom*)
                0x00810000                __eeprom_end = .

.fuse
 *(.fuse)
 *(.lfuse)
 *(.hfuse)
 *(.efuse)

.lock
 *(.lock*)

.signature
 *(.signature*)

.user_signatures
 *(.user_signatures*)

.stab
 *(.stab)

.stabstr
 *(.stabstr)

.stab.excl
 *(.stab.excl)

.stab.exclstr
 *(.stab.exclstr)

.stab.index
 *(.stab.index)

.stab.indexstr
 *(.stab.indexstr)

.comment        0x00000000       0x30
 *(.comment)
 .comment       0x00000000       0x30 main.o
                                 0x31 (size before relaxing)
 .comment       0x00000030       0x31 SPI.o
 .comment       0x00000030       0x31 Timer.o

.note.gnu.avr.deviceinfo
                0x00000000       0x40
 .note.gnu.avr.deviceinfo
                0x00000000       0x40 C:/Program Files (x86)/Atmel/Studio/7.0/Packs/atmel/XMEGAA_DFP/1.1.68/gcc/dev/atxmega64a4u/avrxmega4/crtatxmega64a4u.o

.note.gnu.build-id
 *(.note.gnu.build-id)

.debug
 *(.debug)

.line
 *(.line)

.debug_srcinfo
 *(.debug_srcinfo)

.debug_sfnames
 *(.debug_sfnames)

.debug_aranges  0x00000000       0x88
 *(.debug_aranges)
 .debug_aranges
                0x00000000       0x28 main.o
 .debug_aranges
                0x00000028       0x38 SPI.o
 .debug_aranges
                0x00000060       0x28 Timer.o

.debug_pubnames
 *(.debug_pubnames)

.debug_info     0x00000000     0x3818
 *(.debug_info .gnu.linkonce.wi.*)
 .debug_info    0x00000000     0x284f C:/Program Files (x86)/Atmel/Studio/7.0/Packs/atmel/XMEGAA_DFP/1.1.68/gcc/dev/atxmega64a4u/avrxmega4/crtatxmega64a4u.o
 .debug_info    0x0000284f      0x4b3 main.o
 .debug_info    0x00002d02      0x44e SPI.o
 .debug_info    0x00003150      0x6c8 Timer.o

.debug_abbrev   0x00000000     0x2953
 *(.debug_abbrev)
 .debug_abbrev  0x00000000     0x262c C:/Program Files (x86)/Atmel/Studio/7.0/Packs/atmel/XMEGAA_DFP/1.1.68/gcc/dev/atxmega64a4u/avrxmega4/crtatxmega64a4u.o
 .debug_abbrev  0x0000262c       0xe8 main.o
 .debug_abbrev  0x00002714      0x130 SPI.o
 .debug_abbrev  0x00002844      0x10f Timer.o

.debug_line     0x00000000      0x875
 *(.debug_line .debug_line.* .debug_line_end)
 .debug_line    0x00000000      0x391 C:/Program Files (x86)/Atmel/Studio/7.0/Packs/atmel/XMEGAA_DFP/1.1.68/gcc/dev/atxmega64a4u/avrxmega4/crtatxmega64a4u.o
 .debug_line    0x00000391      0x165 main.o
 .debug_line    0x000004f6      0x24c SPI.o
 .debug_line    0x00000742      0x133 Timer.o

.debug_frame    0x00000000      0x150
 *(.debug_frame)
 .debug_frame   0x00000000       0x34 main.o
 .debug_frame   0x00000034       0xa0 SPI.o
 .debug_frame   0x000000d4       0x7c Timer.o

.debug_str      0x00000000     0x23a0
 *(.debug_str)
 .debug_str     0x00000000     0x1aa8 C:/Program Files (x86)/Atmel/Studio/7.0/Packs/atmel/XMEGAA_DFP/1.1.68/gcc/dev/atxmega64a4u/avrxmega4/crtatxmega64a4u.o
 .debug_str     0x00001aa8      0x3ec main.o
                                0x42a (size before relaxing)
 .debug_str     0x00001e94      0x25d SPI.o
                                0x4d7 (size before relaxing)
 .debug_str     0x000020f1      0x2af Timer.o
                                0x48a (size before relaxing)

.debug_loc      0x00000000      0x25a
 *(.debug_loc)
 .debug_loc     0x00000000      0x18f SPI.o
 .debug_loc     0x0000018f       0xcb Timer.o

.debug_macinfo
 *(.debug_macinfo)

.debug_weaknames
 *(.debug_weaknames)

.debug_funcnames
 *(.debug_funcnames)

.debug_typenames
 *(.debug_typenames)

.debug_varnames
 *(.debug_varnames)

.debug_pubtypes
 *(.debug_pubtypes)

.debug_ranges   0x00000000       0x58
 *(.debug_ranges)
 .debug_ranges  0x00000000       0x18 main.o
 .debug_ranges  0x00000018       0x28 SPI.o
 .debug_ranges  0x00000040       0x18 Timer.o

.debug_macro
 *(.debug_macro)
OUTPUT(Imponator.elf elf32-avr)
LOAD linker stubs
