Archive member included to satisfy reference by file (symbol)

c:/program files (x86)/atmel/studio/7.0/toolchain/avr8/avr8-gnu-toolchain/bin/../lib/gcc/avr/5.4.0/avrxmega4\libgcc.a(_exit.o)
                              C:/Program Files (x86)/Atmel/Studio/7.0/Packs/atmel/XMEGAA_DFP/1.1.68/gcc/dev/atxmega64a4u/avrxmega4/crtatxmega64a4u.o (exit)
c:/program files (x86)/atmel/studio/7.0/toolchain/avr8/avr8-gnu-toolchain/bin/../lib/gcc/avr/5.4.0/avrxmega4\libgcc.a(_copy_data.o)
                              Display.o (__do_copy_data)
c:/program files (x86)/atmel/studio/7.0/toolchain/avr8/avr8-gnu-toolchain/bin/../lib/gcc/avr/5.4.0/avrxmega4\libgcc.a(_clear_bss.o)
                              Print.o (__do_clear_bss)

Allocating common symbols
Common symbol       size              file

print_textBuffer    0x8               Print.o

Discarded input sections

 .data          0x00000000        0x0 C:/Program Files (x86)/Atmel/Studio/7.0/Packs/atmel/XMEGAA_DFP/1.1.68/gcc/dev/atxmega64a4u/avrxmega4/crtatxmega64a4u.o
 .bss           0x00000000        0x0 C:/Program Files (x86)/Atmel/Studio/7.0/Packs/atmel/XMEGAA_DFP/1.1.68/gcc/dev/atxmega64a4u/avrxmega4/crtatxmega64a4u.o
 .text          0x00000000        0x0 Display.o
 .data          0x00000000        0x0 Display.o
 .bss           0x00000000        0x0 Display.o
 .text.Display_clear
                0x00000000       0x22 Display.o
 .text          0x00000000        0x0 main.o
 .data          0x00000000        0x0 main.o
 .bss           0x00000000        0x0 main.o
 .text          0x00000000        0x0 Peripherals.o
 .data          0x00000000        0x0 Peripherals.o
 .bss           0x00000000        0x0 Peripherals.o
 .text          0x00000000        0x0 Print.o
 .data          0x00000000        0x0 Print.o
 .bss           0x00000000        0x0 Print.o
 .text.Print_emptyBuffer
                0x00000000       0x12 Print.o
 .text.Print_init
                0x00000000        0x6 Print.o
 .bss.print_CharacterChangeCounter
                0x00000000        0x1 Print.o
 .text          0x00000000        0x0 SPI.o
 .data          0x00000000        0x0 SPI.o
 .bss           0x00000000        0x0 SPI.o
 .rodata.IMAGES_LEN
                0x00000000        0x2 SPI.o
 .progmem.data.CharacterOmega
                0x00000000        0xc SPI.o
 .text          0x00000000        0x0 Timer.o
 .data          0x00000000        0x0 Timer.o
 .bss           0x00000000        0x0 Timer.o
 .text          0x00000000        0x0 c:/program files (x86)/atmel/studio/7.0/toolchain/avr8/avr8-gnu-toolchain/bin/../lib/gcc/avr/5.4.0/avrxmega4\libgcc.a(_exit.o)
 .data          0x00000000        0x0 c:/program files (x86)/atmel/studio/7.0/toolchain/avr8/avr8-gnu-toolchain/bin/../lib/gcc/avr/5.4.0/avrxmega4\libgcc.a(_exit.o)
 .bss           0x00000000        0x0 c:/program files (x86)/atmel/studio/7.0/toolchain/avr8/avr8-gnu-toolchain/bin/../lib/gcc/avr/5.4.0/avrxmega4\libgcc.a(_exit.o)
 .text.libgcc.mul
                0x00000000        0x0 c:/program files (x86)/atmel/studio/7.0/toolchain/avr8/avr8-gnu-toolchain/bin/../lib/gcc/avr/5.4.0/avrxmega4\libgcc.a(_exit.o)
 .text.libgcc.div
                0x00000000        0x0 c:/program files (x86)/atmel/studio/7.0/toolchain/avr8/avr8-gnu-toolchain/bin/../lib/gcc/avr/5.4.0/avrxmega4\libgcc.a(_exit.o)
 .text.libgcc   0x00000000        0x0 c:/program files (x86)/atmel/studio/7.0/toolchain/avr8/avr8-gnu-toolchain/bin/../lib/gcc/avr/5.4.0/avrxmega4\libgcc.a(_exit.o)
 .text.libgcc.prologue
                0x00000000        0x0 c:/program files (x86)/atmel/studio/7.0/toolchain/avr8/avr8-gnu-toolchain/bin/../lib/gcc/avr/5.4.0/avrxmega4\libgcc.a(_exit.o)
 .text.libgcc.builtins
                0x00000000        0x0 c:/program files (x86)/atmel/studio/7.0/toolchain/avr8/avr8-gnu-toolchain/bin/../lib/gcc/avr/5.4.0/avrxmega4\libgcc.a(_exit.o)
 .text.libgcc.fmul
                0x00000000        0x0 c:/program files (x86)/atmel/studio/7.0/toolchain/avr8/avr8-gnu-toolchain/bin/../lib/gcc/avr/5.4.0/avrxmega4\libgcc.a(_exit.o)
 .text.libgcc.fixed
                0x00000000        0x0 c:/program files (x86)/atmel/studio/7.0/toolchain/avr8/avr8-gnu-toolchain/bin/../lib/gcc/avr/5.4.0/avrxmega4\libgcc.a(_exit.o)
 .text          0x00000000        0x0 c:/program files (x86)/atmel/studio/7.0/toolchain/avr8/avr8-gnu-toolchain/bin/../lib/gcc/avr/5.4.0/avrxmega4\libgcc.a(_copy_data.o)
 .data          0x00000000        0x0 c:/program files (x86)/atmel/studio/7.0/toolchain/avr8/avr8-gnu-toolchain/bin/../lib/gcc/avr/5.4.0/avrxmega4\libgcc.a(_copy_data.o)
 .bss           0x00000000        0x0 c:/program files (x86)/atmel/studio/7.0/toolchain/avr8/avr8-gnu-toolchain/bin/../lib/gcc/avr/5.4.0/avrxmega4\libgcc.a(_copy_data.o)
 .text.libgcc.mul
                0x00000000        0x0 c:/program files (x86)/atmel/studio/7.0/toolchain/avr8/avr8-gnu-toolchain/bin/../lib/gcc/avr/5.4.0/avrxmega4\libgcc.a(_copy_data.o)
 .text.libgcc.div
                0x00000000        0x0 c:/program files (x86)/atmel/studio/7.0/toolchain/avr8/avr8-gnu-toolchain/bin/../lib/gcc/avr/5.4.0/avrxmega4\libgcc.a(_copy_data.o)
 .text.libgcc   0x00000000        0x0 c:/program files (x86)/atmel/studio/7.0/toolchain/avr8/avr8-gnu-toolchain/bin/../lib/gcc/avr/5.4.0/avrxmega4\libgcc.a(_copy_data.o)
 .text.libgcc.prologue
                0x00000000        0x0 c:/program files (x86)/atmel/studio/7.0/toolchain/avr8/avr8-gnu-toolchain/bin/../lib/gcc/avr/5.4.0/avrxmega4\libgcc.a(_copy_data.o)
 .text.libgcc.builtins
                0x00000000        0x0 c:/program files (x86)/atmel/studio/7.0/toolchain/avr8/avr8-gnu-toolchain/bin/../lib/gcc/avr/5.4.0/avrxmega4\libgcc.a(_copy_data.o)
 .text.libgcc.fmul
                0x00000000        0x0 c:/program files (x86)/atmel/studio/7.0/toolchain/avr8/avr8-gnu-toolchain/bin/../lib/gcc/avr/5.4.0/avrxmega4\libgcc.a(_copy_data.o)
 .text.libgcc.fixed
                0x00000000        0x0 c:/program files (x86)/atmel/studio/7.0/toolchain/avr8/avr8-gnu-toolchain/bin/../lib/gcc/avr/5.4.0/avrxmega4\libgcc.a(_copy_data.o)
 .text          0x00000000        0x0 c:/program files (x86)/atmel/studio/7.0/toolchain/avr8/avr8-gnu-toolchain/bin/../lib/gcc/avr/5.4.0/avrxmega4\libgcc.a(_clear_bss.o)
 .data          0x00000000        0x0 c:/program files (x86)/atmel/studio/7.0/toolchain/avr8/avr8-gnu-toolchain/bin/../lib/gcc/avr/5.4.0/avrxmega4\libgcc.a(_clear_bss.o)
 .bss           0x00000000        0x0 c:/program files (x86)/atmel/studio/7.0/toolchain/avr8/avr8-gnu-toolchain/bin/../lib/gcc/avr/5.4.0/avrxmega4\libgcc.a(_clear_bss.o)
 .text.libgcc.mul
                0x00000000        0x0 c:/program files (x86)/atmel/studio/7.0/toolchain/avr8/avr8-gnu-toolchain/bin/../lib/gcc/avr/5.4.0/avrxmega4\libgcc.a(_clear_bss.o)
 .text.libgcc.div
                0x00000000        0x0 c:/program files (x86)/atmel/studio/7.0/toolchain/avr8/avr8-gnu-toolchain/bin/../lib/gcc/avr/5.4.0/avrxmega4\libgcc.a(_clear_bss.o)
 .text.libgcc   0x00000000        0x0 c:/program files (x86)/atmel/studio/7.0/toolchain/avr8/avr8-gnu-toolchain/bin/../lib/gcc/avr/5.4.0/avrxmega4\libgcc.a(_clear_bss.o)
 .text.libgcc.prologue
                0x00000000        0x0 c:/program files (x86)/atmel/studio/7.0/toolchain/avr8/avr8-gnu-toolchain/bin/../lib/gcc/avr/5.4.0/avrxmega4\libgcc.a(_clear_bss.o)
 .text.libgcc.builtins
                0x00000000        0x0 c:/program files (x86)/atmel/studio/7.0/toolchain/avr8/avr8-gnu-toolchain/bin/../lib/gcc/avr/5.4.0/avrxmega4\libgcc.a(_clear_bss.o)
 .text.libgcc.fmul
                0x00000000        0x0 c:/program files (x86)/atmel/studio/7.0/toolchain/avr8/avr8-gnu-toolchain/bin/../lib/gcc/avr/5.4.0/avrxmega4\libgcc.a(_clear_bss.o)
 .text.libgcc.fixed
                0x00000000        0x0 c:/program files (x86)/atmel/studio/7.0/toolchain/avr8/avr8-gnu-toolchain/bin/../lib/gcc/avr/5.4.0/avrxmega4\libgcc.a(_clear_bss.o)

Memory Configuration

Name             Origin             Length             Attributes
text             0x00000000         0x00100000         xr
data             0x00802000         0x0000ffa0         rw !x
eeprom           0x00810000         0x00010000         rw !x
fuse             0x00820000         0x00000006         rw !x
lock             0x00830000         0x00000400         rw !x
signature        0x00840000         0x00000400         rw !x
user_signatures  0x00850000         0x00000400         rw !x
*default*        0x00000000         0xffffffff

Linker script and memory map

LOAD C:/Program Files (x86)/Atmel/Studio/7.0/Packs/atmel/XMEGAA_DFP/1.1.68/gcc/dev/atxmega64a4u/avrxmega4/crtatxmega64a4u.o
LOAD Display.o
LOAD main.o
LOAD Peripherals.o
LOAD Print.o
LOAD SPI.o
LOAD Timer.o
START GROUP
LOAD c:/program files (x86)/atmel/studio/7.0/toolchain/avr8/avr8-gnu-toolchain/bin/../lib/gcc/avr/5.4.0/../../../../avr/lib/avrxmega4\libm.a
END GROUP
START GROUP
LOAD c:/program files (x86)/atmel/studio/7.0/toolchain/avr8/avr8-gnu-toolchain/bin/../lib/gcc/avr/5.4.0/avrxmega4\libgcc.a
LOAD c:/program files (x86)/atmel/studio/7.0/toolchain/avr8/avr8-gnu-toolchain/bin/../lib/gcc/avr/5.4.0/../../../../avr/lib/avrxmega4\libm.a
LOAD c:/program files (x86)/atmel/studio/7.0/toolchain/avr8/avr8-gnu-toolchain/bin/../lib/gcc/avr/5.4.0/../../../../avr/lib/avrxmega4\libc.a
LOAD C:/Program Files (x86)/Atmel/Studio/7.0/Packs/atmel/XMEGAA_DFP/1.1.68/gcc/dev/atxmega64a4u/avrxmega4\libatxmega64a4u.a
END GROUP
                0x00100000                __TEXT_REGION_LENGTH__ = DEFINED (__TEXT_REGION_LENGTH__)?__TEXT_REGION_LENGTH__:0x100000
                0x0000ffa0                __DATA_REGION_LENGTH__ = DEFINED (__DATA_REGION_LENGTH__)?__DATA_REGION_LENGTH__:0xffa0
                0x00010000                __EEPROM_REGION_LENGTH__ = DEFINED (__EEPROM_REGION_LENGTH__)?__EEPROM_REGION_LENGTH__:0x10000
                [0x00000006]                __FUSE_REGION_LENGTH__ = DEFINED (__FUSE_REGION_LENGTH__)?__FUSE_REGION_LENGTH__:0x400
                0x00000400                __LOCK_REGION_LENGTH__ = DEFINED (__LOCK_REGION_LENGTH__)?__LOCK_REGION_LENGTH__:0x400
                0x00000400                __SIGNATURE_REGION_LENGTH__ = DEFINED (__SIGNATURE_REGION_LENGTH__)?__SIGNATURE_REGION_LENGTH__:0x400
                0x00000400                __USER_SIGNATURE_REGION_LENGTH__ = DEFINED (__USER_SIGNATURE_REGION_LENGTH__)?__USER_SIGNATURE_REGION_LENGTH__:0x400

.hash
 *(.hash)

.dynsym
 *(.dynsym)

.dynstr
 *(.dynstr)

.gnu.version
 *(.gnu.version)

.gnu.version_d
 *(.gnu.version_d)

.gnu.version_r
 *(.gnu.version_r)

.rel.init
 *(.rel.init)

.rela.init
 *(.rela.init)

.rel.text
 *(.rel.text)
 *(.rel.text.*)
 *(.rel.gnu.linkonce.t*)

.rela.text
 *(.rela.text)
 *(.rela.text.*)
 *(.rela.gnu.linkonce.t*)

.rel.fini
 *(.rel.fini)

.rela.fini
 *(.rela.fini)

.rel.rodata
 *(.rel.rodata)
 *(.rel.rodata.*)
 *(.rel.gnu.linkonce.r*)

.rela.rodata
 *(.rela.rodata)
 *(.rela.rodata.*)
 *(.rela.gnu.linkonce.r*)

.rel.data
 *(.rel.data)
 *(.rel.data.*)
 *(.rel.gnu.linkonce.d*)

.rela.data
 *(.rela.data)
 *(.rela.data.*)
 *(.rela.gnu.linkonce.d*)

.rel.ctors
 *(.rel.ctors)

.rela.ctors
 *(.rela.ctors)

.rel.dtors
 *(.rel.dtors)

.rela.dtors
 *(.rela.dtors)

.rel.got
 *(.rel.got)

.rela.got
 *(.rela.got)

.rel.bss
 *(.rel.bss)

.rela.bss
 *(.rela.bss)

.rel.plt
 *(.rel.plt)

.rela.plt
 *(.rela.plt)

.text           0x00000000      0x9d2
 *(.vectors)
 .vectors       0x00000000      0x1fc C:/Program Files (x86)/Atmel/Studio/7.0/Packs/atmel/XMEGAA_DFP/1.1.68/gcc/dev/atxmega64a4u/avrxmega4/crtatxmega64a4u.o
                0x00000000                __vector_default
                0x00000000                __vectors
 *(.vectors)
 *(.progmem.gcc*)
                0x000001fc                . = ALIGN (0x2)
                0x000001fc                __trampolines_start = .
 *(.trampolines)
 .trampolines   0x000001fc        0x0 linker stubs
 *(.trampolines*)
                0x000001fc                __trampolines_end = .
 *libprintf_flt.a:*(.progmem.data)
 *libc.a:*(.progmem.data)
 *(.progmem*)
 .progmem.data.IMAGES
                0x000001fc       0x98 SPI.o
                0x000001fc                IMAGES
 .progmem.data.BrightnessLookUpTable
                0x00000294      0x200 SPI.o
                0x00000294                BrightnessLookUpTable
                0x00000494                . = ALIGN (0x2)
 *(.jumptables)
 *(.jumptables*)
 *(.lowtext)
 *(.lowtext*)
                0x00000494                __ctors_start = .
 *(.ctors)
                0x00000494                __ctors_end = .
                0x00000494                __dtors_start = .
 *(.dtors)
                0x00000494                __dtors_end = .
 SORT(*)(.ctors)
 SORT(*)(.dtors)
 *(.init0)
 .init0         0x00000494        0x0 C:/Program Files (x86)/Atmel/Studio/7.0/Packs/atmel/XMEGAA_DFP/1.1.68/gcc/dev/atxmega64a4u/avrxmega4/crtatxmega64a4u.o
                0x00000494                __init
 *(.init0)
 *(.init1)
 *(.init1)
 *(.init2)
 .init2         0x00000494        0xc C:/Program Files (x86)/Atmel/Studio/7.0/Packs/atmel/XMEGAA_DFP/1.1.68/gcc/dev/atxmega64a4u/avrxmega4/crtatxmega64a4u.o
 *(.init2)
 *(.init3)
 *(.init3)
 *(.init4)
 .init4         0x000004a0       0x1a c:/program files (x86)/atmel/studio/7.0/toolchain/avr8/avr8-gnu-toolchain/bin/../lib/gcc/avr/5.4.0/avrxmega4\libgcc.a(_copy_data.o)
                0x000004a0                __do_copy_data
 .init4         0x000004ba       0x10 c:/program files (x86)/atmel/studio/7.0/toolchain/avr8/avr8-gnu-toolchain/bin/../lib/gcc/avr/5.4.0/avrxmega4\libgcc.a(_clear_bss.o)
                0x000004ba                __do_clear_bss
 *(.init4)
 *(.init5)
 *(.init5)
 *(.init6)
 *(.init6)
 *(.init7)
 *(.init7)
 *(.init8)
 *(.init8)
 *(.init9)
 .init9         0x000004ca        0x8 C:/Program Files (x86)/Atmel/Studio/7.0/Packs/atmel/XMEGAA_DFP/1.1.68/gcc/dev/atxmega64a4u/avrxmega4/crtatxmega64a4u.o
 *(.init9)
 *(.text)
 .text          0x000004d2        0x4 C:/Program Files (x86)/Atmel/Studio/7.0/Packs/atmel/XMEGAA_DFP/1.1.68/gcc/dev/atxmega64a4u/avrxmega4/crtatxmega64a4u.o
                0x000004d2                __vector_38
                0x000004d2                __vector_104
                0x000004d2                __vector_22
                0x000004d2                __vector_63
                0x000004d2                __vector_28
                0x000004d2                __vector_67
                0x000004d2                __vector_1
                0x000004d2                __vector_119
                0x000004d2                __vector_32
                0x000004d2                __vector_75
                0x000004d2                __vector_71
                0x000004d2                __vector_91
                0x000004d2                __vector_34
                0x000004d2                __vector_62
                0x000004d2                __vector_77
                0x000004d2                __vector_102
                0x000004d2                __vector_12
                0x000004d2                __vector_55
                0x000004d2                __vector_69
                0x000004d2                __vector_81
                0x000004d2                __vector_90
                0x000004d2                __vector_46
                0x000004d2                __bad_interrupt
                0x000004d2                __vector_122
                0x000004d2                __vector_72
                0x000004d2                __vector_114
                0x000004d2                __vector_6
                0x000004d2                __vector_110
                0x000004d2                __vector_31
                0x000004d2                __vector_92
                0x000004d2                __vector_35
                0x000004d2                __vector_78
                0x000004d2                __vector_74
                0x000004d2                __vector_117
                0x000004d2                __vector_39
                0x000004d2                __vector_107
                0x000004d2                __vector_3
                0x000004d2                __vector_105
                0x000004d2                __vector_98
                0x000004d2                __vector_23
                0x000004d2                __vector_68
                0x000004d2                __vector_30
                0x000004d2                __vector_73
                0x000004d2                __vector_45
                0x000004d2                __vector_25
                0x000004d2                __vector_93
                0x000004d2                __vector_61
                0x000004d2                __vector_11
                0x000004d2                __vector_54
                0x000004d2                __vector_99
                0x000004d2                __vector_13
                0x000004d2                __vector_17
                0x000004d2                __vector_19
                0x000004d2                __vector_56
                0x000004d2                __vector_7
                0x000004d2                __vector_125
                0x000004d2                __vector_49
                0x000004d2                __vector_123
                0x000004d2                __vector_41
                0x000004d2                __vector_86
                0x000004d2                __vector_100
                0x000004d2                __vector_101
                0x000004d2                __vector_88
                0x000004d2                __vector_109
                0x000004d2                __vector_43
                0x000004d2                __vector_27
                0x000004d2                __vector_5
                0x000004d2                __vector_113
                0x000004d2                __vector_33
                0x000004d2                __vector_76
                0x000004d2                __vector_115
                0x000004d2                __vector_47
                0x000004d2                __vector_52
                0x000004d2                __vector_37
                0x000004d2                __vector_95
                0x000004d2                __vector_103
                0x000004d2                __vector_96
                0x000004d2                __vector_89
                0x000004d2                __vector_108
                0x000004d2                __vector_4
                0x000004d2                __vector_44
                0x000004d2                __vector_82
                0x000004d2                __vector_106
                0x000004d2                __vector_118
                0x000004d2                __vector_51
                0x000004d2                __vector_9
                0x000004d2                __vector_2
                0x000004d2                __vector_21
                0x000004d2                __vector_15
                0x000004d2                __vector_66
                0x000004d2                __vector_36
                0x000004d2                __vector_79
                0x000004d2                __vector_58
                0x000004d2                __vector_70
                0x000004d2                __vector_83
                0x000004d2                __vector_29
                0x000004d2                __vector_60
                0x000004d2                __vector_121
                0x000004d2                __vector_40
                0x000004d2                __vector_85
                0x000004d2                __vector_94
                0x000004d2                __vector_126
                0x000004d2                __vector_8
                0x000004d2                __vector_26
                0x000004d2                __vector_48
                0x000004d2                __vector_124
                0x000004d2                __vector_116
                0x000004d2                __vector_112
                0x000004d2                __vector_111
                0x000004d2                __vector_80
                0x000004d2                __vector_84
                0x000004d2                __vector_57
                0x000004d2                __vector_53
                0x000004d2                __vector_10
                0x000004d2                __vector_50
                0x000004d2                __vector_16
                0x000004d2                __vector_59
                0x000004d2                __vector_18
                0x000004d2                __vector_97
                0x000004d2                __vector_42
                0x000004d2                __vector_87
                0x000004d2                __vector_65
                0x000004d2                __vector_120
                0x000004d6                . = ALIGN (0x2)
 *(.text.*)
 .text.Display_setChannelBrightness
                0x000004d6       0x24 Display.o
                0x000004d6                Display_setChannelBrightness
 .text.Display_getChannelBrightness
                0x000004fa       0x24 Display.o
                0x000004fa                Display_getChannelBrightness
 .text.clock_init
                0x0000051e       0x1c main.o
                0x0000051e                clock_init
 .text.main     0x0000053a       0x46 main.o
                0x0000053a                main
 .text.Peripherals_init
                0x00000580       0x10 Peripherals.o
                0x00000580                Peripherals_init
 .text.__vector_64
                0x00000590       0x3e Peripherals.o
                0x00000590                __vector_64
 .text.Print_changeColor
                0x000005ce       0x3e Print.o
                0x000005ce                Print_changeColor
 .text.Print_outputBuffer
                0x0000060c       0xba Print.o
                0x0000060c                Print_outputBuffer
 .text.Print_character
                0x000006c6       0x50 Print.o
                0x000006c6                Print_character
 .text.SPI_init
                0x00000716       0x4c SPI.o
                0x00000716                SPI_init
 .text.SPI_update
                0x00000762        0xc SPI.o
                0x00000762                SPI_update
 .text.SPI_blankAndLatch
                0x0000076e       0x12 SPI.o
                0x0000076e                SPI_blankAndLatch
 .text.__vector_24
                0x00000780      0x180 SPI.o
                0x00000780                __vector_24
 .text.Timer0_init
                0x00000900       0x14 Timer.o
                0x00000900                Timer0_init
 .text.Timer1_init
                0x00000914       0x16 Timer.o
                0x00000914                Timer1_init
 .text.__vector_14
                0x0000092a       0x50 Timer.o
                0x0000092a                __vector_14
 .text.__vector_20
                0x0000097a       0x54 Timer.o
                0x0000097a                __vector_20
                0x000009ce                . = ALIGN (0x2)
 *(.fini9)
 .fini9         0x000009ce        0x0 c:/program files (x86)/atmel/studio/7.0/toolchain/avr8/avr8-gnu-toolchain/bin/../lib/gcc/avr/5.4.0/avrxmega4\libgcc.a(_exit.o)
                0x000009ce                _exit
                0x000009ce                exit
 *(.fini9)
 *(.fini8)
 *(.fini8)
 *(.fini7)
 *(.fini7)
 *(.fini6)
 *(.fini6)
 *(.fini5)
 *(.fini5)
 *(.fini4)
 *(.fini4)
 *(.fini3)
 *(.fini3)
 *(.fini2)
 *(.fini2)
 *(.fini1)
 *(.fini1)
 *(.fini0)
 .fini0         0x000009ce        0x4 c:/program files (x86)/atmel/studio/7.0/toolchain/avr8/avr8-gnu-toolchain/bin/../lib/gcc/avr/5.4.0/avrxmega4\libgcc.a(_exit.o)
 *(.fini0)
                0x000009d2                _etext = .

.data           0x00802000       0xc2 load address 0x000009d2
                0x00802000                PROVIDE (__data_start, .)
 *(.data)
 *(.data*)
 .data.DisplayData
                0x00802000       0xc0 Display.o
                0x00802000                DisplayData
 .data.print_CharacterGreenVal
                0x008020c0        0x1 Print.o
                0x008020c0                print_CharacterGreenVal
 *(.rodata)
 *(.rodata*)
 *(.gnu.linkonce.d*)
                0x008020c2                . = ALIGN (0x2)
 *fill*         0x008020c1        0x1 
                0x008020c2                _edata = .
                0x008020c2                PROVIDE (__data_end, .)

.bss            0x008020c2       0x13
                0x008020c2                PROVIDE (__bss_start, .)
 *(.bss)
 *(.bss*)
 .bss.frame_counter.4015
                0x008020c2        0x2 Print.o
 .bss.print_CharacterRedVal
                0x008020c4        0x1 Print.o
                0x008020c4                print_CharacterRedVal
 .bss.print_CharacterBlueVal
                0x008020c5        0x1 Print.o
                0x008020c5                print_CharacterBlueVal
 .bss.second12Bits.4621
                0x008020c6        0x2 SPI.o
 .bss.first12Bits.4620
                0x008020c8        0x2 SPI.o
 .bss.row.4619  0x008020ca        0x1 SPI.o
 .bss._12bytesSent.4617
                0x008020cb        0x1 SPI.o
 .bss._8bytesSent.4618
                0x008020cc        0x1 SPI.o
 *(COMMON)
 COMMON         0x008020cd        0x8 Print.o
                0x008020cd                print_textBuffer
                0x008020d5                PROVIDE (__bss_end, .)
                0x000009d2                __data_load_start = LOADADDR (.data)
                0x00000a94                __data_load_end = (__data_load_start + SIZEOF (.data))

.noinit         0x008020d5        0x0
                [!provide]                PROVIDE (__noinit_start, .)
 *(.noinit*)
                [!provide]                PROVIDE (__noinit_end, .)
                0x008020d5                _end = .
                [!provide]                PROVIDE (__heap_start, .)

.eeprom         0x00810000        0x0
 *(.eeprom*)
                0x00810000                __eeprom_end = .

.fuse
 *(.fuse)
 *(.lfuse)
 *(.hfuse)
 *(.efuse)

.lock
 *(.lock*)

.signature
 *(.signature*)

.user_signatures
 *(.user_signatures*)

.stab
 *(.stab)

.stabstr
 *(.stabstr)

.stab.excl
 *(.stab.excl)

.stab.exclstr
 *(.stab.exclstr)

.stab.index
 *(.stab.index)

.stab.indexstr
 *(.stab.indexstr)

.comment        0x00000000       0x30
 *(.comment)
 .comment       0x00000000       0x30 Display.o
                                 0x31 (size before relaxing)
 .comment       0x00000030       0x31 main.o
 .comment       0x00000030       0x31 Peripherals.o
 .comment       0x00000030       0x31 Print.o
 .comment       0x00000030       0x31 SPI.o
 .comment       0x00000030       0x31 Timer.o

.note.gnu.avr.deviceinfo
                0x00000000       0x40
 .note.gnu.avr.deviceinfo
                0x00000000       0x40 C:/Program Files (x86)/Atmel/Studio/7.0/Packs/atmel/XMEGAA_DFP/1.1.68/gcc/dev/atxmega64a4u/avrxmega4/crtatxmega64a4u.o

.note.gnu.build-id
 *(.note.gnu.build-id)

.debug
 *(.debug)

.line
 *(.line)

.debug_srcinfo
 *(.debug_srcinfo)

.debug_sfnames
 *(.debug_sfnames)

.debug_aranges  0x00000000      0x130
 *(.debug_aranges)
 .debug_aranges
                0x00000000       0x30 Display.o
 .debug_aranges
                0x00000030       0x28 main.o
 .debug_aranges
                0x00000058       0x28 Peripherals.o
 .debug_aranges
                0x00000080       0x40 Print.o
 .debug_aranges
                0x000000c0       0x38 SPI.o
 .debug_aranges
                0x000000f8       0x38 Timer.o

.debug_pubnames
 *(.debug_pubnames)

.debug_info     0x00000000     0x4aa9
 *(.debug_info .gnu.linkonce.wi.*)
 .debug_info    0x00000000     0x284f C:/Program Files (x86)/Atmel/Studio/7.0/Packs/atmel/XMEGAA_DFP/1.1.68/gcc/dev/atxmega64a4u/avrxmega4/crtatxmega64a4u.o
 .debug_info    0x0000284f      0x169 Display.o
 .debug_info    0x000029b8      0x579 main.o
 .debug_info    0x00002f31      0x756 Peripherals.o
 .debug_info    0x00003687      0x31a Print.o
 .debug_info    0x000039a1      0x51c SPI.o
 .debug_info    0x00003ebd      0xbec Timer.o

.debug_abbrev   0x00000000     0x2cf6
 *(.debug_abbrev)
 .debug_abbrev  0x00000000     0x262c C:/Program Files (x86)/Atmel/Studio/7.0/Packs/atmel/XMEGAA_DFP/1.1.68/gcc/dev/atxmega64a4u/avrxmega4/crtatxmega64a4u.o
 .debug_abbrev  0x0000262c       0xd7 Display.o
 .debug_abbrev  0x00002703      0x150 main.o
 .debug_abbrev  0x00002853      0x108 Peripherals.o
 .debug_abbrev  0x0000295b      0x149 Print.o
 .debug_abbrev  0x00002aa4      0x154 SPI.o
 .debug_abbrev  0x00002bf8       0xfe Timer.o

.debug_line     0x00000000      0xda9
 *(.debug_line .debug_line.* .debug_line_end)
 .debug_line    0x00000000      0x391 C:/Program Files (x86)/Atmel/Studio/7.0/Packs/atmel/XMEGAA_DFP/1.1.68/gcc/dev/atxmega64a4u/avrxmega4/crtatxmega64a4u.o
 .debug_line    0x00000391       0xee Display.o
 .debug_line    0x0000047f      0x205 main.o
 .debug_line    0x00000684      0x13c Peripherals.o
 .debug_line    0x000007c0      0x1e9 Print.o
 .debug_line    0x000009a9      0x27e SPI.o
 .debug_line    0x00000c27      0x182 Timer.o

.debug_frame    0x00000000      0x2cc
 *(.debug_frame)
 .debug_frame   0x00000000       0x44 Display.o
 .debug_frame   0x00000044       0x34 main.o
 .debug_frame   0x00000078       0x48 Peripherals.o
 .debug_frame   0x000000c0       0x8c Print.o
 .debug_frame   0x0000014c       0x9c SPI.o
 .debug_frame   0x000001e8       0xe4 Timer.o

.debug_str      0x00000000     0x2651
 *(.debug_str)
 .debug_str     0x00000000     0x1aa8 C:/Program Files (x86)/Atmel/Studio/7.0/Packs/atmel/XMEGAA_DFP/1.1.68/gcc/dev/atxmega64a4u/avrxmega4/crtatxmega64a4u.o
 .debug_str     0x00001aa8      0x1ad Display.o
                                0x1e6 (size before relaxing)
 .debug_str     0x00001c55      0x32d main.o
                                0x4a2 (size before relaxing)
 .debug_str     0x00001f82      0x2fb Peripherals.o
                                0x583 (size before relaxing)
 .debug_str     0x0000227d       0xf4 Print.o
                                0x29d (size before relaxing)
 .debug_str     0x00002371      0x268 SPI.o
                                0x518 (size before relaxing)
 .debug_str     0x000025d9       0x78 Timer.o
                                0x4fe (size before relaxing)

.debug_loc      0x00000000      0x590
 *(.debug_loc)
 .debug_loc     0x00000000       0x49 Display.o
 .debug_loc     0x00000049       0x48 main.o
 .debug_loc     0x00000091       0x49 Peripherals.o
 .debug_loc     0x000000da      0x151 Print.o
 .debug_loc     0x0000022b      0x1cf SPI.o
 .debug_loc     0x000003fa      0x196 Timer.o

.debug_macinfo
 *(.debug_macinfo)

.debug_weaknames
 *(.debug_weaknames)

.debug_funcnames
 *(.debug_funcnames)

.debug_typenames
 *(.debug_typenames)

.debug_varnames
 *(.debug_varnames)

.debug_pubtypes
 *(.debug_pubtypes)

.debug_ranges   0x00000000       0xd0
 *(.debug_ranges)
 .debug_ranges  0x00000000       0x20 Display.o
 .debug_ranges  0x00000020       0x18 main.o
 .debug_ranges  0x00000038       0x18 Peripherals.o
 .debug_ranges  0x00000050       0x30 Print.o
 .debug_ranges  0x00000080       0x28 SPI.o
 .debug_ranges  0x000000a8       0x28 Timer.o

.debug_macro
 *(.debug_macro)
OUTPUT(Imponator.elf elf32-avr)
LOAD linker stubs
